********************************************************************************
TMS320C2000 COFF/Hex Converter                                            v4.1.3
********************************************************************************

INPUT FILE NAME: <a_ZILLIIAX.out>
OUTPUT FORMAT:   Intel

PHYSICAL MEMORY PARAMETERS
   Default data width   :  16
   Default memory width :  16
   Default output width :  16


OUTPUT TRANSLATION MAP
--------------------------------------------------------------------------------
00000000..003fffff  Page=0  Memory Width=16  ROM Width=16
--------------------------------------------------------------------------------
   OUTPUT FILES: a_ZILLIIAX.hex [b0..b15]

   CONTENTS: 003e8000..003e8001   codestart Data Width=2   
             003e8002..003edb7d   .text Data Width=2   
             003edb7e..003efce2   .econst Data Width=2   
             003efce3..003eff62   VFD_FONT Data Width=2   
             003eff63..003f012f   .cinit Data Width=2   
             003f0130..003f0296   IQmath Data Width=2   
             003f0297..003f02b9   ramfuncs Data Width=2   

--------------------------------------------------------------------------------
00000000..003fffff  Page=1  Memory Width=16  ROM Width=16  "*DEFAULT PAGE 1*"
--------------------------------------------------------------------------------
   NO CONTENTS
